isode-8.0/acsap/acsapreleas1.c	releas1.c
isode-8.0/acsap/acsapreleas2.c	releas2.c
isode-8.0/acsap/acsapreleas3.c	releas3.c
isode-8.0/acsap/acserver1.c	server1.c
isode-8.0/acsap/acserver2.c	server2.c
isode-8.0/acsap/acsapabort1.c	abort1.c
isode-8.0/acsap/acsapabort2.c	abort2.c
isode-8.0/config/aux.h	apux.h
isode-8.0/config/aux.make	apux.make
isode-8.0/dirent/sys._dir.h	sys__dir.h
isode-8.0/dsap/net/dsapunbind1.c	unbind1.c
isode-8.0/dsap/net/dsapunbind2.c	unbind2.c
isode-8.0/dsap/net/dsapbind1.c	bind1.c
isode-8.0/dsap/net/dsapbind2.c	bind2.c
isode-8.0/dsap/oidtable.at.local	oidtbl_at.local
isode-8.0/dsap/oidtable.gen.local	oidtbl_gen.local
isode-8.0/dsap/oidtable.oc.local	oidtbl_oc.local
isode-8.0/ftam/ftamaccess1.c	access1.c
isode-8.0/ftam/ftamaccess2.c	access2.c
isode-8.0/ftam/ftambulk1.c	bulk1.c
isode-8.0/ftam/ftambulk2.c	bulk2.c
isode-8.0/ftam/ftamgroup1.c	group1.c
isode-8.0/ftam/ftamgroup2.c	group2.c
isode-8.0/ftam/ftamrelease1.c	release1.c
isode-8.0/ftam/ftamrelease2.c	release2.c
isode-8.0/h/sys.dirent.h	sys_dirent.h
isode-8.0/h/usr.dirent.h	usr_dirent.h
isode-8.0/h/sys.file.h		sys_file.h
isode-8.0/others/X/ideas/mroe.idea0	mroe.id0
isode-8.0/others/ntp/config.examples/conf.charon.osi	conf_charon.osi
isode-8.0/others/ntp/config.examples/conf.charon.tcp	conf_charon.tcp
isode-8.0/others/ntp/config.examples/conf.hubris.osi	conf_hubris.osi
isode-8.0/others/ntp/config.examples/conf.hubris.tcp	conf_hubris.tcp
isode-8.0/others/ntp/README.3.4	readme_3.4
isode-8.0/others/quipu/uips/pod/pod.guide.ps	pod_guide.ps
isode-8.0/others/quipu/uips/pod/pod.man.ps	pod_man.ps
isode-8.0/others/quipu/uips/doog/config.parse.h	config_parse.h
isode-8.0/others/quipu/uips/doog/config.parse.c	config_parse.c
isode-8.0/others/quipu/uips/doog/config.person2	config.p2
isode-8.0/others/quipu/uips/doog/config.person3	config.p3
isode-8.0/others/quipu/uips/doog/config.personal	config.pl
isode-8.0/pepsy/lex.l.gnrc	lex_l.gnrc
isode-8.0/pepsy/pepsy.h.gnrc	pepsy_h.gnrc
isode-8.0/pepsy/pepsydefs.h.gnrc	pepsydefs_h.gnrc
isode-8.0/pepsy/yacc.y.gnrc	yacc_y.gnrc
isode-8.0/pepy/test.asn1/P1-1988-4.py	p119884.py
isode-8.0/pepy/lex.l.gnrc	lex_l.gnrc
isode-8.0/pepy/yacc.y.gnrc	yacc_y.gnrc
isode-8.0/psap/objectbyoid.c	objbyoid.c
isode-8.0/psap2/psapminor1.c	minor1.c
isode-8.0/psap2/psapminor2.c	minor2.c
isode-8.0/psap2/psapmajor1.c	major1.c
isode-8.0/psap2/psapmajor2.c	major2.c
isode-8.0/psap2/psapresync1.c	resync1.c
isode-8.0/psap2/psapresync2.c	resync2.c
isode-8.0/psap2/psaprelease1.c	release1.c
isode-8.0/psap2/psaprelease2.c	release2.c
isode-8.0/psap2-lpp/psaprelease1.c	release1.c
isode-8.0/psap2-lpp/psaprelease2.c	release2.c
isode-8.0/quipu/ds_modifyrdn.c	modifyrdn.c
isode-8.0/ronot/ronotbind1.c	bind1.c
isode-8.0/ronot/ronotbind2.c	bind2.c
isode-8.0/ronot/ronotunbind1.c	unbind1.c
isode-8.0/ronot/ronotunbind2.c	unbind2.c
isode-8.0/rosap/ro2ssreleas1.c	releas1.c
isode-8.0/rosap/ro2ssreleas2.c	releas2.c
isode-8.0/rtsap/rt2ssreleas1.c	ssrel1.c
isode-8.0/rtsap/rt2ssreleas2.c	ssrel2.c
isode-8.0/rtsap/rt2psreleas1.c	psrel1.c
isode-8.0/rtsap/rt2psreleas2.c	psrel2.c
isode-8.0/ssap/ssapminor1.c	minor1.c
isode-8.0/ssap/ssapminor2.c	minor2.c
isode-8.0/ssap/ssapmajor1.c	major1.c
isode-8.0/ssap/ssapmajor2.c	major2.c
isode-8.0/ssap/ssapcapd1.c	capd1.c
isode-8.0/ssap/ssapcapd2.c	capd2.c
isode-8.0/ssap/ssapresync1.c	resync1.c
isode-8.0/ssap/ssapresync2.c	resync2.c
isode-8.0/ssap/ssaprelease1.c	release1.c
isode-8.0/ssap/ssaprelease2.c	release2.c